{
  "version": "1.5.0",
  "plugins_used": [
    {
      "name": "ArtifactoryDetector"
    },
    {
      "name": "AWSKeyDetector"
    },
    {
      "name": "AzureStorageKeyDetector"
    },
    {
      "name": "Base64HighEntropyString",
      "limit": 4.5
    },
    {
      "name": "BasicAuthDetector"
    },
    {
      "name": "CloudantDetector"
    },
    {
      "name": "DiscordBotTokenDetector"
    },
    {
      "name": "GitHubTokenDetector"
    },
    {
      "name": "GitLabTokenDetector"
    },
    {
      "name": "HexHighEntropyString",
      "limit": 3.0
    },
    {
      "name": "IbmCloudIamDetector"
    },
    {
      "name": "IbmCosHmacDetector"
    },
    {
      "name": "IPPublicDetector"
    },
    {
      "name": "JwtTokenDetector"
    },
    {
      "name": "KeywordDetector",
      "keyword_exclude": ""
    },
    {
      "name": "MailchimpDetector"
    },
    {
      "name": "NpmDetector"
    },
    {
      "name": "OpenAIDetector"
    },
    {
      "name": "PrivateKeyDetector"
    },
    {
      "name": "PypiTokenDetector"
    },
    {
      "name": "SendGridDetector"
    },
    {
      "name": "SlackDetector"
    },
    {
      "name": "SoftlayerDetector"
    },
    {
      "name": "SquareOAuthDetector"
    },
    {
      "name": "StripeDetector"
    },
    {
      "name": "TelegramBotTokenDetector"
    },
    {
      "name": "TwilioKeyDetector"
    }
  ],
  "filters_used": [
    {
      "path": "detect_secrets.filters.allowlist.is_line_allowlisted"
    },
    {
      "path": "detect_secrets.filters.common.is_baseline_file",
      "filename": ".secrets.baseline"
    },
    {
      "path": "detect_secrets.filters.common.is_ignored_due_to_verification_policies",
      "min_level": 2
    },
    {
      "path": "detect_secrets.filters.heuristic.is_indirect_reference"
    },
    {
      "path": "detect_secrets.filters.heuristic.is_likely_id_string"
    },
    {
      "path": "detect_secrets.filters.heuristic.is_lock_file"
    },
    {
      "path": "detect_secrets.filters.heuristic.is_not_alphanumeric_string"
    },
    {
      "path": "detect_secrets.filters.heuristic.is_potential_uuid"
    },
    {
      "path": "detect_secrets.filters.heuristic.is_prefixed_with_dollar_sign"
    },
    {
      "path": "detect_secrets.filters.heuristic.is_sequential_string"
    },
    {
      "path": "detect_secrets.filters.heuristic.is_swagger_file"
    },
    {
      "path": "detect_secrets.filters.heuristic.is_templated_secret"
    },
    {
      "path": "detect_secrets.filters.regex.should_exclude_file",
      "pattern": [
        "node_modules/|^build/|ui-bundle.*\\.zip|package-lock\\.json"
      ]
    }
  ],
  "results": {
    ".archive/implementation_plan_129.md": [
      {
        "type": "Secret Keyword",
        "filename": ".archive/implementation_plan_129.md",
        "hashed_secret": "99d72c7fc3e2e145870beab37c0b70e343ea9c3b",
        "is_verified": false,
        "line_number": 791,
        "is_secret": false
      }
    ],
    ".archive/implementation_plan_90.md": [
      {
        "type": "Secret Keyword",
        "filename": ".archive/implementation_plan_90.md",
        "hashed_secret": "aefe00e44b8daaef7337b50c8e284976a5ea2f21",
        "is_verified": false,
        "line_number": 384,
        "is_secret": false
      },
      {
        "type": "Secret Keyword",
        "filename": ".archive/implementation_plan_90.md",
        "hashed_secret": "558171b8908cda5dd2cb5409140836888b370376",
        "is_verified": false,
        "line_number": 427,
        "is_secret": false
      }
    ],
    "modules/ROOT/pages/backend/graphql/caching.adoc": [
      {
        "type": "Hex High Entropy String",
        "filename": "modules/ROOT/pages/backend/graphql/caching.adoc",
        "hashed_secret": "d91fc508b9feadc3156659c8f9385504f79896b7",
        "is_verified": false,
        "line_number": 98,
        "is_secret": false
      }
    ],
    "modules/ROOT/pages/backend/graphql/security-and-demand-control.adoc": [
      {
        "type": "Hex High Entropy String",
        "filename": "modules/ROOT/pages/backend/graphql/security-and-demand-control.adoc",
        "hashed_secret": "7e1768517e51bc84ffaf23c12519844035b0c2b2",
        "is_verified": false,
        "line_number": 55,
        "is_secret": false
      }
    ],
    "modules/ROOT/pages/backend/graphql/serving-over-http.adoc": [
      {
        "type": "Hex High Entropy String",
        "filename": "modules/ROOT/pages/backend/graphql/serving-over-http.adoc",
        "hashed_secret": "7e1768517e51bc84ffaf23c12519844035b0c2b2",
        "is_verified": false,
        "line_number": 303,
        "is_secret": false
      }
    ],
    "modules/ROOT/pages/backend/oauth/client-credentials-and-client-authentication.adoc": [
      {
        "type": "JSON Web Token",
        "filename": "modules/ROOT/pages/backend/oauth/client-credentials-and-client-authentication.adoc",
        "hashed_secret": "ef8e6af95a036700887a8f72ca439538a6b252bf",
        "is_verified": false,
        "line_number": 109,
        "is_secret": false
      }
    ],
    "modules/ROOT/pages/backend/oauth/device-authorization-grant.adoc": [
      {
        "type": "Base64 High Entropy String",
        "filename": "modules/ROOT/pages/backend/oauth/device-authorization-grant.adoc",
        "hashed_secret": "fa388a28f84921ab0d66b0064e4aef3b66aaefed",
        "is_verified": false,
        "line_number": 56,
        "is_secret": false
      }
    ],
    "modules/ROOT/pages/backend/oauth/discovery-metadata-and-client-registration.adoc": [
      {
        "type": "JSON Web Token",
        "filename": "modules/ROOT/pages/backend/oauth/discovery-metadata-and-client-registration.adoc",
        "hashed_secret": "e31dcf4b5c5ca023bf050f1e9a892ae2de2b4d13",
        "is_verified": false,
        "line_number": 195,
        "is_secret": false
      }
    ],
    "modules/ROOT/pages/backend/oauth/id-tokens-vs-access-tokens.adoc": [
      {
        "type": "JSON Web Token",
        "filename": "modules/ROOT/pages/backend/oauth/id-tokens-vs-access-tokens.adoc",
        "hashed_secret": "9002a1f58d70b698269985e5c775ff20745fd347",
        "is_verified": false,
        "line_number": 118,
        "is_secret": false
      }
    ],
    "modules/ROOT/pages/backend/oauth/jwt-and-jose.adoc": [
      {
        "type": "JSON Web Token",
        "filename": "modules/ROOT/pages/backend/oauth/jwt-and-jose.adoc",
        "hashed_secret": "7e0aa7f14769bfe49a807adc3905fb0c03cbd448",
        "is_verified": false,
        "line_number": 58,
        "is_secret": false
      }
    ],
    "modules/ROOT/pages/backend/oauth/logout-and-session-management.adoc": [
      {
        "type": "JSON Web Token",
        "filename": "modules/ROOT/pages/backend/oauth/logout-and-session-management.adoc",
        "hashed_secret": "7e1f7d6959e30d45436bcd7a79a839d095bbcd02",
        "is_verified": false,
        "line_number": 109,
        "is_secret": false
      }
    ],
    "modules/ROOT/pages/backend/oauth/openid-connect.adoc": [
      {
        "type": "JSON Web Token",
        "filename": "modules/ROOT/pages/backend/oauth/openid-connect.adoc",
        "hashed_secret": "d53b22deb1bf1baf62d849d049b5a721f7774820",
        "is_verified": false,
        "line_number": 62,
        "is_secret": false
      }
    ],
    "modules/ROOT/pages/backend/oauth/par-jar-and-hardened-profiles.adoc": [
      {
        "type": "Base64 High Entropy String",
        "filename": "modules/ROOT/pages/backend/oauth/par-jar-and-hardened-profiles.adoc",
        "hashed_secret": "af61ad46b6cd9e34e683e894976ded4441f2d9aa",
        "is_verified": false,
        "line_number": 154,
        "is_secret": false
      }
    ],
    "modules/ROOT/pages/backend/oauth/sender-constrained-tokens-dpop-and-mtls.adoc": [
      {
        "type": "Base64 High Entropy String",
        "filename": "modules/ROOT/pages/backend/oauth/sender-constrained-tokens-dpop-and-mtls.adoc",
        "hashed_secret": "4c520b0a4596f61a2ec0ae42739e092b0ce9ef2c",
        "is_verified": false,
        "line_number": 85,
        "is_secret": false
      },
      {
        "type": "Base64 High Entropy String",
        "filename": "modules/ROOT/pages/backend/oauth/sender-constrained-tokens-dpop-and-mtls.adoc",
        "hashed_secret": "a249d390fe1444976364937e63f5ef00795cd09c",
        "is_verified": false,
        "line_number": 124,
        "is_secret": false
      },
      {
        "type": "Base64 High Entropy String",
        "filename": "modules/ROOT/pages/backend/oauth/sender-constrained-tokens-dpop-and-mtls.adoc",
        "hashed_secret": "eaf89c86f3c76b02e387816d9290dc84dcf69b57",
        "is_verified": false,
        "line_number": 125,
        "is_secret": false
      },
      {
        "type": "Base64 High Entropy String",
        "filename": "modules/ROOT/pages/backend/oauth/sender-constrained-tokens-dpop-and-mtls.adoc",
        "hashed_secret": "c8e7c10b96a5b5105188ffa5ce332bd3cb072592",
        "is_verified": false,
        "line_number": 149,
        "is_secret": false
      },
      {
        "type": "Base64 High Entropy String",
        "filename": "modules/ROOT/pages/backend/oauth/sender-constrained-tokens-dpop-and-mtls.adoc",
        "hashed_secret": "63d0b632ada511b4e3eee5f9d80bc151f994127b",
        "is_verified": false,
        "line_number": 172,
        "is_secret": false
      }
    ],
    "modules/ROOT/pages/backend/oauth/social-login-and-federation.adoc": [
      {
        "type": "GitHub Token",
        "filename": "modules/ROOT/pages/backend/oauth/social-login-and-federation.adoc",
        "hashed_secret": "ba29d6bfac4cd7b866a3d05103c38031a921ba88",
        "is_verified": false,
        "line_number": 110,
        "is_secret": false
      }
    ],
    "modules/ROOT/pages/backend/oauth/spring-boot-flow-recipes.adoc": [
      {
        "type": "Base64 High Entropy String",
        "filename": "modules/ROOT/pages/backend/oauth/spring-boot-flow-recipes.adoc",
        "hashed_secret": "fa388a28f84921ab0d66b0064e4aef3b66aaefed",
        "is_verified": false,
        "line_number": 207,
        "is_secret": false
      },
      {
        "type": "Base64 High Entropy String",
        "filename": "modules/ROOT/pages/backend/oauth/spring-boot-flow-recipes.adoc",
        "hashed_secret": "63d0b632ada511b4e3eee5f9d80bc151f994127b",
        "is_verified": false,
        "line_number": 406,
        "is_secret": false
      }
    ],
    "modules/ROOT/pages/backend/oauth/testing-and-debugging.adoc": [
      {
        "type": "JSON Web Token",
        "filename": "modules/ROOT/pages/backend/oauth/testing-and-debugging.adoc",
        "hashed_secret": "a911774ad77df5b5063068d864fe7abeebad8112",
        "is_verified": false,
        "line_number": 220,
        "is_secret": false
      }
    ],
    "modules/ROOT/pages/backend/oauth/token-exchange-and-assertion-grants.adoc": [
      {
        "type": "JSON Web Token",
        "filename": "modules/ROOT/pages/backend/oauth/token-exchange-and-assertion-grants.adoc",
        "hashed_secret": "ba057cf641e354f05f9e62f9412470a33d08b996",
        "is_verified": false,
        "line_number": 55,
        "is_secret": false
      },
      {
        "type": "JSON Web Token",
        "filename": "modules/ROOT/pages/backend/oauth/token-exchange-and-assertion-grants.adoc",
        "hashed_secret": "fca18c25a1937cc749dcd8d766ff0e2ff155c68e",
        "is_verified": false,
        "line_number": 200,
        "is_secret": false
      },
      {
        "type": "JSON Web Token",
        "filename": "modules/ROOT/pages/backend/oauth/token-exchange-and-assertion-grants.adoc",
        "hashed_secret": "8300799e0a8f6de47fee6ad4e5c6d86bcfbe00c8",
        "is_verified": false,
        "line_number": 224,
        "is_secret": false
      }
    ],
    "modules/ROOT/pages/backend/springboot/logging.adoc": [
      {
        "type": "Hex High Entropy String",
        "filename": "modules/ROOT/pages/backend/springboot/logging.adoc",
        "hashed_secret": "28f0390f1bdf4b3169bf6036a47a1bd6293cd3ed",
        "is_verified": false,
        "line_number": 117,
        "is_secret": false
      },
      {
        "type": "Hex High Entropy String",
        "filename": "modules/ROOT/pages/backend/springboot/logging.adoc",
        "hashed_secret": "9cd836d159aceed51971aaa1406ee3b94455972e",
        "is_verified": false,
        "line_number": 118,
        "is_secret": false
      }
    ],
    "modules/ROOT/pages/database/elasticsearch/clients-and-rest-conventions.adoc": [
      {
        "type": "Secret Keyword",
        "filename": "modules/ROOT/pages/database/elasticsearch/clients-and-rest-conventions.adoc",
        "hashed_secret": "f2e336e54aa18d8afeef9ab663ec9c24f79da453",
        "is_verified": false,
        "line_number": 117,
        "is_secret": false
      }
    ],
    "modules/ROOT/pages/database/mongodb/backup-and-data-tools.adoc": [
      {
        "type": "Basic Auth Credentials",
        "filename": "modules/ROOT/pages/database/mongodb/backup-and-data-tools.adoc",
        "hashed_secret": "9d4e1e23bd5b727046a9e3b4b7db57bd8d6ee684",
        "is_verified": false,
        "line_number": 28,
        "is_secret": false
      }
    ],
    "modules/ROOT/pages/database/mongodb/documents-and-bson.adoc": [
      {
        "type": "Hex High Entropy String",
        "filename": "modules/ROOT/pages/database/mongodb/documents-and-bson.adoc",
        "hashed_secret": "8c16019d847e65e01438e119166c2698bc8b65b3",
        "is_verified": false,
        "line_number": 127,
        "is_secret": false
      }
    ],
    "modules/ROOT/pages/database/mongodb/drivers-and-tooling.adoc": [
      {
        "type": "Basic Auth Credentials",
        "filename": "modules/ROOT/pages/database/mongodb/drivers-and-tooling.adoc",
        "hashed_secret": "1a91d62f7ca67399625a4368a6ab5d4a3baa6073",
        "is_verified": false,
        "line_number": 92,
        "is_secret": false
      }
    ],
    "modules/ROOT/pages/programming-languages/swift/type-casting-and-reflection.adoc": [
      {
        "type": "Secret Keyword",
        "filename": "modules/ROOT/pages/programming-languages/swift/type-casting-and-reflection.adoc",
        "hashed_secret": "99d72c7fc3e2e145870beab37c0b70e343ea9c3b",
        "is_verified": false,
        "line_number": 179,
        "is_secret": false
      }
    ],
    "modules/ROOT/pages/web/bootstrap/getting-started.adoc": [
      {
        "type": "Base64 High Entropy String",
        "filename": "modules/ROOT/pages/web/bootstrap/getting-started.adoc",
        "hashed_secret": "7b80472c6e4128b0295995977577ba59b7406724",
        "is_verified": false,
        "line_number": 29,
        "is_secret": false
      },
      {
        "type": "Base64 High Entropy String",
        "filename": "modules/ROOT/pages/web/bootstrap/getting-started.adoc",
        "hashed_secret": "04a52a012e416f2d2b07b144a16e757e36da7ecd",
        "is_verified": false,
        "line_number": 35,
        "is_secret": false
      }
    ]
  },
  "generated_at": "2026-09-14T16:21:07Z"
}
